GAMS 47.6.0  c2de9d6d Sep 12, 2024          WEX-WEI x86 64bit/MS Windows - 11/22/24 12:26:20 Page 1
G e n e r a l   A l g e b r a i c   M o d e l i n g   S y s t e m
C o m p i l a t i o n


   1  set i / 1*7 /;
   2  set m / 1*3 /;
   3  alias (i,ip);
   4  alias (m,mp);
   5   
   6  Parameters p(i, m) /
   7      1.1 10, 1.2 14, 1.3 12,
   8      2.1 6, 2.2 8, 2.3 7,
   9      3.1 11, 3.2 16, 3.3 13,
  10      4.1 6, 4.2 12, 4.3 8,
  11      5.1 10, 5.2 16, 5.3 12,
  12      6.1 7, 6.2 12, 6.3 10,
  13      7.1 10, 7.2 13, 7.3 10 /;
  14   
  15  Parameters c(i, m) /
  16      1.1 10, 1.2 6, 1.3 8,
  17      2.1 8, 2.2 5, 2.3 6,
  18      3.1 12, 3.2 7, 3.3 10,
  19      4.1 10, 4.2 6, 4.3 8,
  20      5.1 8, 5.2 5, 5.3 6,
  21      6.1 12, 6.2 7, 6.3 10,
  22      7.1 12, 7.2 10, 7.3 11 /;
  23   
  24  Parameters r(i) /
  25      1 2,
  26      2 3,
  27      3 4,
  28      4 5,
  29      5 10,
  30      6 1,
  31      7 2 /;
  32   
  33  Parameters d(i)/
  34      1 33,
  35      2 34,
  36      3 31,
  37      4 33,
  38      5 34,
  39      6 34,
  40      7 33 /;
  41   
  42  Scalars
  43      U / 1000 /
  44      maxd
  45      minr;
  46   
  47  maxd = smax(i,d(i));
  48  minr = smin(i,r(i));
  49   
  50  Binary Variables
  51      x(i,m)
  52      y(i,ip);
  53   
  54  Positive Variable t(i);
  55   
  56  Free Variable obj;
  57   
  58  Equations
  59      eq1
  60      eq2
  61      eq3
  62      eq4
  63      eq5
  64      eq6
  65      eq7
  66      eq8
  67      objdef;
  68   
  69  eq1(i).. t(i) =g= r(i);
  70   
  71  eq2(i).. t(i) =l= d(i) - sum(m, p(i,m)*x(i,m));
  72   
  73  eq3(m).. sum(i, p(i,m)*x(i,m)) =l= maxd - minr;
  74   
  75  eq4(i).. sum(m, x(i,m)) =e= 1;
  76   
  77  eq5(i,ip)$(ord(i) < ord(ip)).. y(i,ip) + y(ip,i) =l= 1;
  78   
  79  eq6(i,ip,m)$(ord(i) < ord(ip)).. y(i,ip) + y(ip,i) =g= x(i,m) + x(ip,m) - 1;
  80   
  81  eq7(i,ip,m,mp)$(ord(i) < ord(ip) and ord(m) <> ord(mp)).. y(i,ip) + y(ip,i) + x(i,m) + x(ip,mp) =l= 2;
  82   
  83  eq8(i,ip)$(ord(i) <> ord(ip)).. t(ip) =g= t(i) + sum(m, p(i,m)*x(i,m)) - U*(1 - y(i,ip));
  84   
  85  objdef.. obj =e= sum((i,m), c(i,m)*x(i,m));
  86   
  87  Model JSSP /all/;
  88  Solve JSSP using mip minimizing obj;


COMPILATION TIME     =        0.000 SECONDS      3 MB  47.6.0 c2de9d6d WEX-WEI
GAMS 47.6.0  c2de9d6d Sep 12, 2024          WEX-WEI x86 64bit/MS Windows - 11/22/24 12:26:20 Page 2
G e n e r a l   A l g e b r a i c   M o d e l i n g   S y s t e m
Equation Listing    SOLVE JSSP Using MIP From line 88


---- eq1  =G=  

eq1(1)..  t(1) =G= 2 ; (LHS = 0, INFES = 2 ****)
     
eq1(2)..  t(2) =G= 3 ; (LHS = 0, INFES = 3 ****)
     
eq1(3)..  t(3) =G= 4 ; (LHS = 0, INFES = 4 ****)
     
REMAINING 4 ENTRIES SKIPPED


---- eq2  =L=  

eq2(1)..  10*x(1,1) + 14*x(1,2) + 12*x(1,3) + t(1) =L= 33 ; (LHS = 0)
     
eq2(2)..  6*x(2,1) + 8*x(2,2) + 7*x(2,3) + t(2) =L= 34 ; (LHS = 0)
     
eq2(3)..  11*x(3,1) + 16*x(3,2) + 13*x(3,3) + t(3) =L= 31 ; (LHS = 0)
     
REMAINING 4 ENTRIES SKIPPED


---- eq3  =L=  

eq3(1)..  10*x(1,1) + 6*x(2,1) + 11*x(3,1) + 6*x(4,1) + 10*x(5,1) + 7*x(6,1) + 10*x(7,1) =L= 33 ; (LHS = 0)
     
eq3(2)..  14*x(1,2) + 8*x(2,2) + 16*x(3,2) + 12*x(4,2) + 16*x(5,2) + 12*x(6,2) + 13*x(7,2) =L= 33 ; (LHS = 0)
     
eq3(3)..  12*x(1,3) + 7*x(2,3) + 13*x(3,3) + 8*x(4,3) + 12*x(5,3) + 10*x(6,3) + 10*x(7,3) =L= 33 ; (LHS = 0)
     

---- eq4  =E=  

eq4(1)..  x(1,1) + x(1,2) + x(1,3) =E= 1 ; (LHS = 0, INFES = 1 ****)
     
eq4(2)..  x(2,1) + x(2,2) + x(2,3) =E= 1 ; (LHS = 0, INFES = 1 ****)
     
eq4(3)..  x(3,1) + x(3,2) + x(3,3) =E= 1 ; (LHS = 0, INFES = 1 ****)
     
REMAINING 4 ENTRIES SKIPPED


---- eq5  =L=  

eq5(1,2)..  y(1,2) + y(2,1) =L= 1 ; (LHS = 0)
     
eq5(1,3)..  y(1,3) + y(3,1) =L= 1 ; (LHS = 0)
     
eq5(1,4)..  y(1,4) + y(4,1) =L= 1 ; (LHS = 0)
     
REMAINING 18 ENTRIES SKIPPED


---- eq6  =G=  

eq6(1,2,1)..  - x(1,1) - x(2,1) + y(1,2) + y(2,1) =G= -1 ; (LHS = 0)
     
eq6(1,2,2)..  - x(1,2) - x(2,2) + y(1,2) + y(2,1) =G= -1 ; (LHS = 0)
     
eq6(1,2,3)..  - x(1,3) - x(2,3) + y(1,2) + y(2,1) =G= -1 ; (LHS = 0)
     
REMAINING 60 ENTRIES SKIPPED


---- eq7  =L=  

eq7(1,2,1,2)..  x(1,1) + x(2,2) + y(1,2) + y(2,1) =L= 2 ; (LHS = 0)
     
eq7(1,2,1,3)..  x(1,1) + x(2,3) + y(1,2) + y(2,1) =L= 2 ; (LHS = 0)
     
eq7(1,2,2,1)..  x(1,2) + x(2,1) + y(1,2) + y(2,1) =L= 2 ; (LHS = 0)
     
REMAINING 123 ENTRIES SKIPPED


---- eq8  =G=  

eq8(1,2)..  - 10*x(1,1) - 14*x(1,2) - 12*x(1,3) - 1000*y(1,2) - t(1) + t(2) =G= -1000 ; (LHS = 0)
     
eq8(1,3)..  - 10*x(1,1) - 14*x(1,2) - 12*x(1,3) - 1000*y(1,3) - t(1) + t(3) =G= -1000 ; (LHS = 0)
     
eq8(1,4)..  - 10*x(1,1) - 14*x(1,2) - 12*x(1,3) - 1000*y(1,4) - t(1) + t(4) =G= -1000 ; (LHS = 0)
     
REMAINING 39 ENTRIES SKIPPED


---- objdef  =E=  

objdef..  - 10*x(1,1) - 6*x(1,2) - 8*x(1,3) - 8*x(2,1) - 5*x(2,2) - 6*x(2,3) - 12*x(3,1) - 7*x(3,2) - 10*x(3,3) - 10*x(4,1) - 6*x(4,2) - 8*x(4,3) - 8*x(5,1) - 5*x(5,2) - 6*x(5,3) - 12*x(6,1) - 7*x(6,2) - 10*x(6,3) - 12*x(7,1) - 10*x(7,2) - 11*x(7,3) + obj =E= 0 ; (LHS = 0)
     
GAMS 47.6.0  c2de9d6d Sep 12, 2024          WEX-WEI x86 64bit/MS Windows - 11/22/24 12:26:20 Page 3
G e n e r a l   A l g e b r a i c   M o d e l i n g   S y s t e m
Column Listing      SOLVE JSSP Using MIP From line 88


---- x  

x(1,1)
                (.LO, .L, .UP, .M = 0, 0, 1, 0)
       10       eq2(1)
       10       eq3(1)
        1       eq4(1)
       -1       eq6(1,2,1)
       -1       eq6(1,3,1)
       -1       eq6(1,4,1)
       -1       eq6(1,5,1)
       -1       eq6(1,6,1)
       -1       eq6(1,7,1)
        1       eq7(1,2,1,2)
        1       eq7(1,2,1,3)
        1       eq7(1,3,1,2)
        1       eq7(1,3,1,3)
        1       eq7(1,4,1,2)
        1       eq7(1,4,1,3)
        1       eq7(1,5,1,2)
        1       eq7(1,5,1,3)
        1       eq7(1,6,1,2)
        1       eq7(1,6,1,3)
        1       eq7(1,7,1,2)
        1       eq7(1,7,1,3)
      -10       eq8(1,2)
      -10       eq8(1,3)
      -10       eq8(1,4)
      -10       eq8(1,5)
      -10       eq8(1,6)
      -10       eq8(1,7)
      -10       objdef

x(1,2)
                (.LO, .L, .UP, .M = 0, 0, 1, 0)
       14       eq2(1)
       14       eq3(2)
        1       eq4(1)
       -1       eq6(1,2,2)
       -1       eq6(1,3,2)
       -1       eq6(1,4,2)
       -1       eq6(1,5,2)
       -1       eq6(1,6,2)
       -1       eq6(1,7,2)
        1       eq7(1,2,2,1)
        1       eq7(1,2,2,3)
        1       eq7(1,3,2,1)
        1       eq7(1,3,2,3)
        1       eq7(1,4,2,1)
        1       eq7(1,4,2,3)
        1       eq7(1,5,2,1)
        1       eq7(1,5,2,3)
        1       eq7(1,6,2,1)
        1       eq7(1,6,2,3)
        1       eq7(1,7,2,1)
        1       eq7(1,7,2,3)
      -14       eq8(1,2)
      -14       eq8(1,3)
      -14       eq8(1,4)
      -14       eq8(1,5)
      -14       eq8(1,6)
      -14       eq8(1,7)
       -6       objdef

x(1,3)
                (.LO, .L, .UP, .M = 0, 0, 1, 0)
       12       eq2(1)
       12       eq3(3)
        1       eq4(1)
       -1       eq6(1,2,3)
       -1       eq6(1,3,3)
       -1       eq6(1,4,3)
       -1       eq6(1,5,3)
       -1       eq6(1,6,3)
       -1       eq6(1,7,3)
        1       eq7(1,2,3,1)
        1       eq7(1,2,3,2)
        1       eq7(1,3,3,1)
        1       eq7(1,3,3,2)
        1       eq7(1,4,3,1)
        1       eq7(1,4,3,2)
        1       eq7(1,5,3,1)
        1       eq7(1,5,3,2)
        1       eq7(1,6,3,1)
        1       eq7(1,6,3,2)
        1       eq7(1,7,3,1)
        1       eq7(1,7,3,2)
      -12       eq8(1,2)
      -12       eq8(1,3)
      -12       eq8(1,4)
      -12       eq8(1,5)
      -12       eq8(1,6)
      -12       eq8(1,7)
       -8       objdef

REMAINING 18 ENTRIES SKIPPED

---- y  

y(1,2)
                (.LO, .L, .UP, .M = 0, 0, 1, 0)
        1       eq5(1,2)
        1       eq6(1,2,1)
        1       eq6(1,2,2)
        1       eq6(1,2,3)
        1       eq7(1,2,1,2)
        1       eq7(1,2,1,3)
        1       eq7(1,2,2,1)
        1       eq7(1,2,2,3)
        1       eq7(1,2,3,1)
        1       eq7(1,2,3,2)
    -1000       eq8(1,2)

y(1,3)
                (.LO, .L, .UP, .M = 0, 0, 1, 0)
        1       eq5(1,3)
        1       eq6(1,3,1)
        1       eq6(1,3,2)
        1       eq6(1,3,3)
        1       eq7(1,3,1,2)
        1       eq7(1,3,1,3)
        1       eq7(1,3,2,1)
        1       eq7(1,3,2,3)
        1       eq7(1,3,3,1)
        1       eq7(1,3,3,2)
    -1000       eq8(1,3)

y(1,4)
                (.LO, .L, .UP, .M = 0, 0, 1, 0)
        1       eq5(1,4)
        1       eq6(1,4,1)
        1       eq6(1,4,2)
        1       eq6(1,4,3)
        1       eq7(1,4,1,2)
        1       eq7(1,4,1,3)
        1       eq7(1,4,2,1)
        1       eq7(1,4,2,3)
        1       eq7(1,4,3,1)
        1       eq7(1,4,3,2)
    -1000       eq8(1,4)

REMAINING 39 ENTRIES SKIPPED

---- t  

t(1)
                (.LO, .L, .UP, .M = 0, 0, +INF, 0)
        1       eq1(1)
        1       eq2(1)
       -1       eq8(1,2)
       -1       eq8(1,3)
       -1       eq8(1,4)
       -1       eq8(1,5)
       -1       eq8(1,6)
       -1       eq8(1,7)
        1       eq8(2,1)
        1       eq8(3,1)
        1       eq8(4,1)
        1       eq8(5,1)
        1       eq8(6,1)
        1       eq8(7,1)

t(2)
                (.LO, .L, .UP, .M = 0, 0, +INF, 0)
        1       eq1(2)
        1       eq2(2)
        1       eq8(1,2)
       -1       eq8(2,1)
       -1       eq8(2,3)
       -1       eq8(2,4)
       -1       eq8(2,5)
       -1       eq8(2,6)
       -1       eq8(2,7)
        1       eq8(3,2)
        1       eq8(4,2)
        1       eq8(5,2)
        1       eq8(6,2)
        1       eq8(7,2)

t(3)
                (.LO, .L, .UP, .M = 0, 0, +INF, 0)
        1       eq1(3)
        1       eq2(3)
        1       eq8(1,3)
        1       eq8(2,3)
       -1       eq8(3,1)
       -1       eq8(3,2)
       -1       eq8(3,4)
       -1       eq8(3,5)
       -1       eq8(3,6)
       -1       eq8(3,7)
        1       eq8(4,3)
        1       eq8(5,3)
        1       eq8(6,3)
        1       eq8(7,3)

REMAINING 4 ENTRIES SKIPPED

---- obj  

obj
                (.LO, .L, .UP, .M = -INF, 0, +INF, 0)
        1       objdef

GAMS 47.6.0  c2de9d6d Sep 12, 2024          WEX-WEI x86 64bit/MS Windows - 11/22/24 12:26:20 Page 4
G e n e r a l   A l g e b r a i c   M o d e l i n g   S y s t e m
Range Statistics    SOLVE JSSP Using MIP From line 88


RANGE STATISTICS (ABSOLUTE NON-ZERO FINITE VALUES)

RHS       [min, max] : [ 1.000E+00, 1.000E+03] - Zero values observed as well
Bound     [min, max] : [ 1.000E+00, 1.000E+00] - Zero values observed as well
Matrix    [min, max] : [ 1.000E+00, 1.000E+03]

GAMS 47.6.0  c2de9d6d Sep 12, 2024          WEX-WEI x86 64bit/MS Windows - 11/22/24 12:26:20 Page 5
G e n e r a l   A l g e b r a i c   M o d e l i n g   S y s t e m
Model Statistics    SOLVE JSSP Using MIP From line 88


MODEL STATISTICS

BLOCKS OF EQUATIONS           9     SINGLE EQUATIONS          277
BLOCKS OF VARIABLES           4     SINGLE VARIABLES           71
NON ZERO ELEMENTS         1,149     DISCRETE VARIABLES         63


GENERATION TIME      =        0.016 SECONDS      4 MB  47.6.0 c2de9d6d WEX-WEI
GAMS 47.6.0  c2de9d6d Sep 12, 2024          WEX-WEI x86 64bit/MS Windows - 11/22/24 12:26:20 Page 6
G e n e r a l   A l g e b r a i c   M o d e l i n g   S y s t e m
Solution Report     SOLVE JSSP Using MIP From line 88


               S O L V E      S U M M A R Y

     MODEL   JSSP                OBJECTIVE  obj
     TYPE    MIP                 DIRECTION  MINIMIZE
     SOLVER  CPLEX               FROM LINE  88

**** SOLVER STATUS     1 Normal Completion
**** MODEL STATUS      1 Optimal
**** OBJECTIVE VALUE               56.0000

 RESOURCE USAGE, LIMIT          0.078 10000000000.000
 ITERATION COUNT, LIMIT       154    2147483647
*** This solver runs with a community license.
--- GMO setup time: 0.00s
--- GMO memory 0.54 Mb (peak 0.54 Mb)
--- Dictionary memory 0.00 Mb
--- Cplex 22.1.1.0 link memory 0.00 Mb (peak 0.03 Mb)
--- Starting Cplex


--- MIP status (101): integer optimal solution.
--- Cplex Time: 0.08sec (det. 13.21 ticks)

--- Returning a primal only solution to GAMS (marginals all set to NA).
--- Fixing integer variables and solving final LP...


--- Fixed MIP status (1): optimal.
--- Cplex Time: 0.00sec (det. 0.20 ticks)


Proven optimal solution
MIP Solution:           56.000000    (154 iterations, 0 nodes)
Final Solve:            56.000000    (0 iterations)

Best possible:          56.000000
Absolute gap:            0.000000
Relative gap:            0.000000


---- EQU eq1  

         LOWER          LEVEL          UPPER         MARGINAL

1         2.0000        21.0000        +INF             .          
2         3.0000        26.0000        +INF             .          
3         4.0000         4.0000        +INF            EPS         
4         5.0000        14.0000        +INF             .          
5        10.0000        24.0000        +INF             .          
6         1.0000         1.0000        +INF            EPS         
7         2.0000         2.0000        +INF            EPS         

---- EQU eq2  

         LOWER          LEVEL          UPPER         MARGINAL

1        -INF           33.0000        33.0000         EPS         
2        -INF           34.0000        34.0000         EPS         
3        -INF           17.0000        31.0000          .          
4        -INF           26.0000        33.0000          .          
5        -INF           34.0000        34.0000         EPS         
6        -INF           13.0000        34.0000          .          
7        -INF           12.0000        33.0000          .          

---- EQU eq3  

         LOWER          LEVEL          UPPER         MARGINAL

1        -INF           20.0000        33.0000          .          
2        -INF           32.0000        33.0000          .          
3        -INF           25.0000        33.0000          .          

---- EQU eq4  

         LOWER          LEVEL          UPPER         MARGINAL

1         1.0000         1.0000         1.0000          .          
2         1.0000         1.0000         1.0000          .          
3         1.0000         1.0000         1.0000          .          
4         1.0000         1.0000         1.0000          .          
5         1.0000         1.0000         1.0000          .          
6         1.0000         1.0000         1.0000          .          
7         1.0000         1.0000         1.0000          .          

---- EQU eq5  

           LOWER          LEVEL          UPPER         MARGINAL

1.2        -INF             .             1.0000          .          
1.3        -INF            1.0000         1.0000          .          
1.4        -INF             .             1.0000          .          
1.5        -INF             .             1.0000          .          
1.6        -INF             .             1.0000          .          
1.7        -INF             .             1.0000          .          
2.3        -INF             .             1.0000          .          
2.4        -INF            1.0000         1.0000          .          
2.5        -INF             .             1.0000          .          
2.6        -INF            1.0000         1.0000          .          
2.7        -INF             .             1.0000          .          
3.4        -INF             .             1.0000          .          
3.5        -INF             .             1.0000          .          
3.6        -INF             .             1.0000          .          
3.7        -INF             .             1.0000          .          
4.5        -INF             .             1.0000          .          
4.6        -INF            1.0000         1.0000          .          
4.7        -INF             .             1.0000          .          
5.6        -INF             .             1.0000          .          
5.7        -INF            1.0000         1.0000          .          
6.7        -INF             .             1.0000          .          

---- EQU eq6  

             LOWER          LEVEL          UPPER         MARGINAL

1.2.1        -1.0000          .            +INF             .          
1.2.2        -1.0000        -1.0000        +INF             .          
1.2.3        -1.0000        -1.0000        +INF             .          
1.3.1        -1.0000         1.0000        +INF             .          
1.3.2        -1.0000         1.0000        +INF             .          
1.3.3        -1.0000        -1.0000        +INF             .          
1.4.1        -1.0000          .            +INF             .          
1.4.2        -1.0000        -1.0000        +INF             .          
1.4.3        -1.0000        -1.0000        +INF             .          
1.5.1        -1.0000        -1.0000        +INF             .          
1.5.2        -1.0000          .            +INF             .          
1.5.3        -1.0000        -1.0000        +INF             .          
1.6.1        -1.0000          .            +INF             .          
1.6.2        -1.0000        -1.0000        +INF             .          
1.6.3        -1.0000        -1.0000        +INF             .          
1.7.1        -1.0000        -1.0000        +INF             .          
1.7.2        -1.0000          .            +INF             .          
1.7.3        -1.0000        -1.0000        +INF             .          
2.3.1        -1.0000          .            +INF             .          
2.3.2        -1.0000        -1.0000        +INF             .          
2.3.3        -1.0000        -1.0000        +INF             .          
2.4.1        -1.0000         1.0000        +INF             .          
2.4.2        -1.0000        -1.0000        +INF             .          
2.4.3        -1.0000         1.0000        +INF             .          
2.5.1        -1.0000        -1.0000        +INF             .          
2.5.2        -1.0000        -1.0000        +INF             .          
2.5.3        -1.0000          .            +INF             .          
2.6.1        -1.0000         1.0000        +INF             .          
2.6.2        -1.0000        -1.0000        +INF             .          
2.6.3        -1.0000         1.0000        +INF             .          
2.7.1        -1.0000        -1.0000        +INF             .          
2.7.2        -1.0000        -1.0000        +INF             .          
2.7.3        -1.0000          .            +INF             .          
3.4.1        -1.0000          .            +INF             .          
3.4.2        -1.0000        -1.0000        +INF             .          
3.4.3        -1.0000        -1.0000        +INF             .          
3.5.1        -1.0000        -1.0000        +INF             .          
3.5.2        -1.0000          .            +INF             .          
3.5.3        -1.0000        -1.0000        +INF             .          
3.6.1        -1.0000          .            +INF             .          
3.6.2        -1.0000        -1.0000        +INF             .          
3.6.3        -1.0000        -1.0000        +INF             .          
3.7.1        -1.0000        -1.0000        +INF             .          
3.7.2        -1.0000          .            +INF             .          
3.7.3        -1.0000        -1.0000        +INF             .          
4.5.1        -1.0000        -1.0000        +INF             .          
4.5.2        -1.0000        -1.0000        +INF             .          
4.5.3        -1.0000          .            +INF             .          
4.6.1        -1.0000         1.0000        +INF             .          
4.6.2        -1.0000        -1.0000        +INF             .          
4.6.3        -1.0000         1.0000        +INF             .          
4.7.1        -1.0000        -1.0000        +INF             .          
4.7.2        -1.0000        -1.0000        +INF             .          
4.7.3        -1.0000          .            +INF             .          
5.6.1        -1.0000        -1.0000        +INF             .          
5.6.2        -1.0000        -1.0000        +INF             .          
5.6.3        -1.0000          .            +INF             .          
5.7.1        -1.0000        -1.0000        +INF             .          
5.7.2        -1.0000         1.0000        +INF             .          
5.7.3        -1.0000         1.0000        +INF             .          
6.7.1        -1.0000        -1.0000        +INF             .          
6.7.2        -1.0000        -1.0000        +INF             .          
6.7.3        -1.0000          .            +INF             .          

---- EQU eq7  

               LOWER          LEVEL          UPPER         MARGINAL

1.2.1.2        -INF            1.0000         2.0000          .          
1.2.1.3        -INF             .             2.0000          .          
1.2.2.1        -INF             .             2.0000          .          
1.2.2.3        -INF             .             2.0000          .          
1.2.3.1        -INF            1.0000         2.0000          .          
1.2.3.2        -INF            2.0000         2.0000          .          
1.3.1.2        -INF            1.0000         2.0000          .          
1.3.1.3        -INF            2.0000         2.0000          .          
1.3.2.1        -INF            1.0000         2.0000          .          
1.3.2.3        -INF            2.0000         2.0000          .          
1.3.3.1        -INF            2.0000         2.0000          .          
1.3.3.2        -INF            2.0000         2.0000          .          
1.4.1.2        -INF            1.0000         2.0000          .          
1.4.1.3        -INF             .             2.0000          .          
1.4.2.1        -INF             .             2.0000          .          
1.4.2.3        -INF             .             2.0000          .          
1.4.3.1        -INF            1.0000         2.0000          .          
1.4.3.2        -INF            2.0000         2.0000          .          
1.5.1.2        -INF             .             2.0000          .          
1.5.1.3        -INF             .             2.0000          .          
1.5.2.1        -INF            1.0000         2.0000          .          
1.5.2.3        -INF             .             2.0000          .          
1.5.3.1        -INF            2.0000         2.0000          .          
1.5.3.2        -INF            1.0000         2.0000          .          
1.6.1.2        -INF            1.0000         2.0000          .          
1.6.1.3        -INF             .             2.0000          .          
1.6.2.1        -INF             .             2.0000          .          
1.6.2.3        -INF             .             2.0000          .          
1.6.3.1        -INF            1.0000         2.0000          .          
1.6.3.2        -INF            2.0000         2.0000          .          
1.7.1.2        -INF             .             2.0000          .          
1.7.1.3        -INF             .             2.0000          .          
1.7.2.1        -INF            1.0000         2.0000          .          
1.7.2.3        -INF             .             2.0000          .          
1.7.3.1        -INF            2.0000         2.0000          .          
1.7.3.2        -INF            1.0000         2.0000          .          
2.3.1.2        -INF             .             2.0000          .          
2.3.1.3        -INF            1.0000         2.0000          .          
2.3.2.1        -INF            1.0000         2.0000          .          
2.3.2.3        -INF            2.0000         2.0000          .          
2.3.3.1        -INF             .             2.0000          .          
2.3.3.2        -INF             .             2.0000          .          
2.4.1.2        -INF            2.0000         2.0000          .          
2.4.1.3        -INF            1.0000         2.0000          .          
2.4.2.1        -INF            2.0000         2.0000          .          
2.4.2.3        -INF            2.0000         2.0000          .          
2.4.3.1        -INF            1.0000         2.0000          .          
2.4.3.2        -INF            2.0000         2.0000          .          
2.5.1.2        -INF             .             2.0000          .          
2.5.1.3        -INF             .             2.0000          .          
2.5.2.1        -INF            2.0000         2.0000          .          
2.5.2.3        -INF            1.0000         2.0000          .          
2.5.3.1        -INF            1.0000         2.0000          .          
2.5.3.2        -INF             .             2.0000          .          
2.6.1.2        -INF            2.0000         2.0000          .          
2.6.1.3        -INF            1.0000         2.0000          .          
2.6.2.1        -INF            2.0000         2.0000          .          
2.6.2.3        -INF            2.0000         2.0000          .          
2.6.3.1        -INF            1.0000         2.0000          .          
2.6.3.2        -INF            2.0000         2.0000          .          
2.7.1.2        -INF             .             2.0000          .          
2.7.1.3        -INF             .             2.0000          .          
2.7.2.1        -INF            2.0000         2.0000          .          
2.7.2.3        -INF            1.0000         2.0000          .          
2.7.3.1        -INF            1.0000         2.0000          .          
2.7.3.2        -INF             .             2.0000          .          
3.4.1.2        -INF            1.0000         2.0000          .          
3.4.1.3        -INF             .             2.0000          .          
3.4.2.1        -INF             .             2.0000          .          
3.4.2.3        -INF             .             2.0000          .          
3.4.3.1        -INF            1.0000         2.0000          .          
3.4.3.2        -INF            2.0000         2.0000          .          
3.5.1.2        -INF             .             2.0000          .          
3.5.1.3        -INF             .             2.0000          .          
3.5.2.1        -INF            1.0000         2.0000          .          
3.5.2.3        -INF             .             2.0000          .          
3.5.3.1        -INF            2.0000         2.0000          .          
3.5.3.2        -INF            1.0000         2.0000          .          
3.6.1.2        -INF            1.0000         2.0000          .          
3.6.1.3        -INF             .             2.0000          .          
3.6.2.1        -INF             .             2.0000          .          
3.6.2.3        -INF             .             2.0000          .          
3.6.3.1        -INF            1.0000         2.0000          .          
3.6.3.2        -INF            2.0000         2.0000          .          
3.7.1.2        -INF             .             2.0000          .          
3.7.1.3        -INF             .             2.0000          .          
3.7.2.1        -INF            1.0000         2.0000          .          
3.7.2.3        -INF             .             2.0000          .          
3.7.3.1        -INF            2.0000         2.0000          .          
3.7.3.2        -INF            1.0000         2.0000          .          
4.5.1.2        -INF             .             2.0000          .          
4.5.1.3        -INF             .             2.0000          .          
4.5.2.1        -INF            2.0000         2.0000          .          
4.5.2.3        -INF            1.0000         2.0000          .          
4.5.3.1        -INF            1.0000         2.0000          .          
4.5.3.2        -INF             .             2.0000          .          
4.6.1.2        -INF            2.0000         2.0000          .          
4.6.1.3        -INF            1.0000         2.0000          .          
4.6.2.1        -INF            2.0000         2.0000          .          
4.6.2.3        -INF            2.0000         2.0000          .          
4.6.3.1        -INF            1.0000         2.0000          .          
4.6.3.2        -INF            2.0000         2.0000          .          
4.7.1.2        -INF             .             2.0000          .          
4.7.1.3        -INF             .             2.0000          .          
4.7.2.1        -INF            2.0000         2.0000          .          
4.7.2.3        -INF            1.0000         2.0000          .          
4.7.3.1        -INF            1.0000         2.0000          .          
4.7.3.2        -INF             .             2.0000          .          
5.6.1.2        -INF            2.0000         2.0000          .          
5.6.1.3        -INF            1.0000         2.0000          .          
5.6.2.1        -INF             .             2.0000          .          
5.6.2.3        -INF             .             2.0000          .          
5.6.3.1        -INF             .             2.0000          .          
5.6.3.2        -INF            1.0000         2.0000          .          
5.7.1.2        -INF            2.0000         2.0000          .          
5.7.1.3        -INF            2.0000         2.0000          .          
5.7.2.1        -INF            2.0000         2.0000          .          
5.7.2.3        -INF            1.0000         2.0000          .          
5.7.3.1        -INF            2.0000         2.0000          .          
5.7.3.2        -INF            1.0000         2.0000          .          
6.7.1.2        -INF             .             2.0000          .          
6.7.1.3        -INF             .             2.0000          .          
6.7.2.1        -INF            2.0000         2.0000          .          
6.7.2.3        -INF            1.0000         2.0000          .          
6.7.3.1        -INF            1.0000         2.0000          .          
6.7.3.2        -INF             .             2.0000          .          

---- EQU eq8  

           LOWER          LEVEL          UPPER         MARGINAL

1.2     -1000.0000        -7.0000        +INF             .          
1.3     -1000.0000       -29.0000        +INF             .          
1.4     -1000.0000       -19.0000        +INF             .          
1.5     -1000.0000        -9.0000        +INF             .          
1.6     -1000.0000       -32.0000        +INF             .          
1.7     -1000.0000       -31.0000        +INF             .          
2.1     -1000.0000       -13.0000        +INF             .          
2.3     -1000.0000       -30.0000        +INF             .          
2.4     -1000.0000       -20.0000        +INF             .          
2.5     -1000.0000       -10.0000        +INF             .          
2.6     -1000.0000       -33.0000        +INF             .          
2.7     -1000.0000       -32.0000        +INF             .          
3.1     -1000.0000      -996.0000        +INF             .          
3.2     -1000.0000         9.0000        +INF             .          
3.4     -1000.0000        -3.0000        +INF             .          
3.5     -1000.0000         7.0000        +INF             .          
3.6     -1000.0000       -16.0000        +INF             .          
3.7     -1000.0000       -15.0000        +INF             .          
4.1     -1000.0000        -5.0000        +INF             .          
4.2     -1000.0000     -1000.0000        +INF            EPS         
4.3     -1000.0000       -22.0000        +INF             .          
4.5     -1000.0000        -2.0000        +INF             .          
4.6     -1000.0000       -25.0000        +INF             .          
4.7     -1000.0000       -24.0000        +INF             .          
5.1     -1000.0000       -13.0000        +INF             .          
5.2     -1000.0000        -8.0000        +INF             .          
5.3     -1000.0000       -30.0000        +INF             .          
5.4     -1000.0000       -20.0000        +INF             .          
5.6     -1000.0000       -33.0000        +INF             .          
5.7     -1000.0000       -32.0000        +INF             .          
6.1     -1000.0000         8.0000        +INF             .          
6.2     -1000.0000      -987.0000        +INF             .          
6.3     -1000.0000        -9.0000        +INF             .          
6.4     -1000.0000      -999.0000        +INF             .          
6.5     -1000.0000        11.0000        +INF             .          
6.7     -1000.0000       -11.0000        +INF             .          
7.1     -1000.0000         9.0000        +INF             .          
7.2     -1000.0000        14.0000        +INF             .          
7.3     -1000.0000        -8.0000        +INF             .          
7.4     -1000.0000         2.0000        +INF             .          
7.5     -1000.0000      -988.0000        +INF             .          
7.6     -1000.0000       -11.0000        +INF             .          

                           LOWER          LEVEL          UPPER         MARGINAL

---- EQU objdef              .              .              .             1.0000      

---- VAR x  

           LOWER          LEVEL          UPPER         MARGINAL

1.1          .              .             1.0000        10.0000      
1.2          .              .             1.0000         6.0000      
1.3          .             1.0000         1.0000         8.0000      
2.1          .              .             1.0000         8.0000      
2.2          .             1.0000         1.0000         5.0000      
2.3          .              .             1.0000         6.0000      
3.1          .              .             1.0000        12.0000      
3.2          .              .             1.0000         7.0000      
3.3          .             1.0000         1.0000        10.0000      
4.1          .              .             1.0000        10.0000      
4.2          .             1.0000         1.0000         6.0000      
4.3          .              .             1.0000         8.0000      
5.1          .             1.0000         1.0000         8.0000      
5.2          .              .             1.0000         5.0000      
5.3          .              .             1.0000         6.0000      
6.1          .              .             1.0000        12.0000      
6.2          .             1.0000         1.0000         7.0000      
6.3          .              .             1.0000        10.0000      
7.1          .             1.0000         1.0000        12.0000      
7.2          .              .             1.0000        10.0000      
7.3          .              .             1.0000        11.0000      

---- VAR y  

           LOWER          LEVEL          UPPER         MARGINAL

1.2          .              .             1.0000         EPS         
1.3          .              .             1.0000         EPS         
1.4          .              .             1.0000         EPS         
1.5          .              .             1.0000         EPS         
1.6          .              .             1.0000         EPS         
1.7          .              .             1.0000         EPS         
2.1          .              .             1.0000         EPS         
2.3          .              .             1.0000         EPS         
2.4          .              .             1.0000         EPS         
2.5          .              .             1.0000         EPS         
2.6          .              .             1.0000         EPS         
2.7          .              .             1.0000         EPS         
3.1          .             1.0000         1.0000         EPS         
3.2          .              .             1.0000         EPS         
3.4          .              .             1.0000         EPS         
3.5          .              .             1.0000         EPS         
3.6          .              .             1.0000         EPS         
3.7          .              .             1.0000         EPS         
4.1          .              .             1.0000         EPS         
4.2          .             1.0000         1.0000         EPS         
4.3          .              .             1.0000         EPS         
4.5          .              .             1.0000         EPS         
4.6          .              .             1.0000         EPS         
4.7          .              .             1.0000         EPS         
5.1          .              .             1.0000         EPS         
5.2          .              .             1.0000         EPS         
5.3          .              .             1.0000         EPS         
5.4          .              .             1.0000         EPS         
5.6          .              .             1.0000         EPS         
5.7          .              .             1.0000         EPS         
6.1          .              .             1.0000         EPS         
6.2          .             1.0000         1.0000         EPS         
6.3          .              .             1.0000         EPS         
6.4          .             1.0000         1.0000         EPS         
6.5          .              .             1.0000         EPS         
6.7          .              .             1.0000         EPS         
7.1          .              .             1.0000         EPS         
7.2          .              .             1.0000         EPS         
7.3          .              .             1.0000         EPS         
7.4          .              .             1.0000         EPS         
7.5          .             1.0000         1.0000         EPS         
7.6          .              .             1.0000         EPS         

---- VAR t  

         LOWER          LEVEL          UPPER         MARGINAL

1          .            21.0000        +INF             .          
2          .            26.0000        +INF             .          
3          .             4.0000        +INF             .          
4          .            14.0000        +INF             .          
5          .            24.0000        +INF             .          
6          .             1.0000        +INF             .          
7          .             2.0000        +INF             .          

                           LOWER          LEVEL          UPPER         MARGINAL

---- VAR obj               -INF           56.0000        +INF             .          


**** REPORT SUMMARY :        0     NONOPT
                             0 INFEASIBLE
                             0  UNBOUNDED


EXECUTION TIME       =        0.125 SECONDS      4 MB  47.6.0 c2de9d6d WEX-WEI


USER: Course License                                 S240930|0002AO-GEN
      Indian Institute of Technology Guwahati, Chemical EngineerDCE3775
      License for teaching and research at degree granting institutions


**** FILE SUMMARY

Input      C:\Users\adity\OneDrive\Desktop\Codes\GAMS JSSP\EX1.gms
Output     C:\Users\adity\OneDrive\Desktop\Codes\GAMS JSSP\EX1.lst
